setting SOURCE_DATE_EPOCH=1674000000
Executing(%prep): /bin/sh -e /var/tmp/rpm-tmp.fBcEkD
+ umask 022
+ cd /home/rolson/rpmbuild/BUILD
+ cd /home/rolson/rpmbuild/BUILD
+ rm -rf bdftopcf-1.1
+ /usr/lib/rpm/rpmuncompress -x /home/rolson/rpmbuild/SOURCES/bdftopcf-1.1.tar.bz2
+ STATUS=0
+ '[' 0 -ne 0 ']'
+ cd bdftopcf-1.1
+ /usr/bin/chmod -Rf a+rX,u+w,g-w,o-w .
+ RPM_EC=0
++ jobs -p
+ exit 0
Executing(%build): /bin/sh -e /var/tmp/rpm-tmp.RcxqtS
+ umask 022
+ cd /home/rolson/rpmbuild/BUILD
+ CFLAGS='-O2 -flto=auto -ffat-lto-objects -fexceptions -g -grecord-gcc-switches -pipe -Wall -Werror=format-security -Wp,-D_FORTIFY_SOURCE=2 -Wp,-D_GLIBCXX_ASSERTIONS -specs=/usr/lib/rpm/redhat/redhat-hardened-cc1 -fstack-protector-strong -specs=/usr/lib/rpm/redhat/redhat-annobin-cc1  -m64  -mtune=generic -fasynchronous-unwind-tables -fstack-clash-protection -fcf-protection'
+ export CFLAGS
+ CXXFLAGS='-O2 -flto=auto -ffat-lto-objects -fexceptions -g -grecord-gcc-switches -pipe -Wall -Werror=format-security -Wp,-D_FORTIFY_SOURCE=2 -Wp,-D_GLIBCXX_ASSERTIONS -specs=/usr/lib/rpm/redhat/redhat-hardened-cc1 -fstack-protector-strong -specs=/usr/lib/rpm/redhat/redhat-annobin-cc1  -m64  -mtune=generic -fasynchronous-unwind-tables -fstack-clash-protection -fcf-protection'
+ export CXXFLAGS
+ FFLAGS='-O2 -flto=auto -ffat-lto-objects -fexceptions -g -grecord-gcc-switches -pipe -Wall -Werror=format-security -Wp,-D_FORTIFY_SOURCE=2 -Wp,-D_GLIBCXX_ASSERTIONS -specs=/usr/lib/rpm/redhat/redhat-hardened-cc1 -fstack-protector-strong -specs=/usr/lib/rpm/redhat/redhat-annobin-cc1  -m64  -mtune=generic -fasynchronous-unwind-tables -fstack-clash-protection -fcf-protection -I/usr/lib64/gfortran/modules'
+ export FFLAGS
+ FCFLAGS='-O2 -flto=auto -ffat-lto-objects -fexceptions -g -grecord-gcc-switches -pipe -Wall -Werror=format-security -Wp,-D_FORTIFY_SOURCE=2 -Wp,-D_GLIBCXX_ASSERTIONS -specs=/usr/lib/rpm/redhat/redhat-hardened-cc1 -fstack-protector-strong -specs=/usr/lib/rpm/redhat/redhat-annobin-cc1  -m64  -mtune=generic -fasynchronous-unwind-tables -fstack-clash-protection -fcf-protection -I/usr/lib64/gfortran/modules'
+ export FCFLAGS
+ LDFLAGS='-Wl,-z,relro -Wl,--as-needed  -Wl,-z,now -specs=/usr/lib/rpm/redhat/redhat-hardened-ld -specs=/usr/lib/rpm/redhat/redhat-annobin-cc1  -Wl,--build-id=sha1 -specs=/usr/lib/rpm/redhat/redhat-package-notes'
+ export LDFLAGS
+ LT_SYS_LIBRARY_PATH=/usr/lib64:
+ export LT_SYS_LIBRARY_PATH
+ CC=gcc
+ export CC
+ CXX=g++
+ export CXX
+ cd bdftopcf-1.1
+ CFLAGS='-O2 -flto=auto -ffat-lto-objects -fexceptions -g -grecord-gcc-switches -pipe -Wall -Werror=format-security -Wp,-D_FORTIFY_SOURCE=2 -Wp,-D_GLIBCXX_ASSERTIONS -specs=/usr/lib/rpm/redhat/redhat-hardened-cc1 -fstack-protector-strong -specs=/usr/lib/rpm/redhat/redhat-annobin-cc1  -m64  -mtune=generic -fasynchronous-unwind-tables -fstack-clash-protection -fcf-protection'
+ export CFLAGS
+ CXXFLAGS='-O2 -flto=auto -ffat-lto-objects -fexceptions -g -grecord-gcc-switches -pipe -Wall -Werror=format-security -Wp,-D_FORTIFY_SOURCE=2 -Wp,-D_GLIBCXX_ASSERTIONS -specs=/usr/lib/rpm/redhat/redhat-hardened-cc1 -fstack-protector-strong -specs=/usr/lib/rpm/redhat/redhat-annobin-cc1  -m64  -mtune=generic -fasynchronous-unwind-tables -fstack-clash-protection -fcf-protection'
+ export CXXFLAGS
+ FFLAGS='-O2 -flto=auto -ffat-lto-objects -fexceptions -g -grecord-gcc-switches -pipe -Wall -Werror=format-security -Wp,-D_FORTIFY_SOURCE=2 -Wp,-D_GLIBCXX_ASSERTIONS -specs=/usr/lib/rpm/redhat/redhat-hardened-cc1 -fstack-protector-strong -specs=/usr/lib/rpm/redhat/redhat-annobin-cc1  -m64  -mtune=generic -fasynchronous-unwind-tables -fstack-clash-protection -fcf-protection -I/usr/lib64/gfortran/modules'
+ export FFLAGS
+ FCFLAGS='-O2 -flto=auto -ffat-lto-objects -fexceptions -g -grecord-gcc-switches -pipe -Wall -Werror=format-security -Wp,-D_FORTIFY_SOURCE=2 -Wp,-D_GLIBCXX_ASSERTIONS -specs=/usr/lib/rpm/redhat/redhat-hardened-cc1 -fstack-protector-strong -specs=/usr/lib/rpm/redhat/redhat-annobin-cc1  -m64  -mtune=generic -fasynchronous-unwind-tables -fstack-clash-protection -fcf-protection -I/usr/lib64/gfortran/modules'
+ export FCFLAGS
+ LDFLAGS='-Wl,-z,relro -Wl,--as-needed  -Wl,-z,now -specs=/usr/lib/rpm/redhat/redhat-hardened-ld -specs=/usr/lib/rpm/redhat/redhat-annobin-cc1  -Wl,--build-id=sha1 -specs=/usr/lib/rpm/redhat/redhat-package-notes'
+ export LDFLAGS
+ LT_SYS_LIBRARY_PATH=/usr/lib64:
+ export LT_SYS_LIBRARY_PATH
+ CC=gcc
+ export CC
+ CXX=g++
+ export CXX
+ '[' '-flto=auto -ffat-lto-objectsx' '!=' x ']'
++ find . -type f -name configure -print
+ for file in $(find . -type f -name configure -print)
+ /usr/bin/sed -r --in-place=.backup 's/^char \(\*f\) \(\) = /__attribute__ ((used)) char (*f) () = /g' ./configure
+ diff -u ./configure.backup ./configure
+ mv ./configure.backup ./configure
+ /usr/bin/sed -r --in-place=.backup 's/^char \(\*f\) \(\);/__attribute__ ((used)) char (*f) ();/g' ./configure
+ diff -u ./configure.backup ./configure
+ mv ./configure.backup ./configure
+ /usr/bin/sed -r --in-place=.backup 's/^char \$2 \(\);/__attribute__ ((used)) char \$2 ();/g' ./configure
+ diff -u ./configure.backup ./configure
+ mv ./configure.backup ./configure
+ /usr/bin/sed --in-place=.backup '1{$!N;$!N};$!N;s/int x = 1;\nint y = 0;\nint z;\nint nan;/volatile int x = 1; volatile int y = 0; volatile int z, nan;/;P;D' ./configure
+ diff -u ./configure.backup ./configure
+ mv ./configure.backup ./configure
+ /usr/bin/sed --in-place=.backup 's#^lt_cv_sys_global_symbol_to_cdecl=.*#lt_cv_sys_global_symbol_to_cdecl="sed -n -e '\''s/^T .* \\(.*\\)$/extern int \\1();/p'\'' -e '\''s/^$symcode* .* \\(.*\\)$/extern char \\1;/p'\''"#' ./configure
+ diff -u ./configure.backup ./configure
+ mv ./configure.backup ./configure
+ '[' 1 = 1 ']'
+++ dirname ./configure
++ find . -name config.guess -o -name config.sub
+ for i in $(find $(dirname ./configure) -name config.guess -o -name config.sub)
++ basename ./config.guess
+ '[' -f /usr/lib/rpm/redhat/config.guess ']'
+ /usr/bin/rm -f ./config.guess
++ basename ./config.guess
+ /usr/bin/cp -fv /usr/lib/rpm/redhat/config.guess ./config.guess
'/usr/lib/rpm/redhat/config.guess' -> './config.guess'
+ for i in $(find $(dirname ./configure) -name config.guess -o -name config.sub)
++ basename ./config.sub
+ '[' -f /usr/lib/rpm/redhat/config.sub ']'
+ /usr/bin/rm -f ./config.sub
++ basename ./config.sub
+ /usr/bin/cp -fv /usr/lib/rpm/redhat/config.sub ./config.sub
'/usr/lib/rpm/redhat/config.sub' -> './config.sub'
+ '[' 1 = 1 ']'
+ '[' x '!=' 'x-Wl,-z,now -specs=/usr/lib/rpm/redhat/redhat-hardened-ld' ']'
++ find . -name ltmain.sh
+ ./configure --build=x86_64-redhat-linux-gnu --host=x86_64-redhat-linux-gnu --program-prefix= --disable-dependency-tracking --prefix=/usr --exec-prefix=/usr --bindir=/usr/bin --sbindir=/usr/sbin --sysconfdir=/etc --datadir=/usr/share --includedir=/usr/include --libdir=/usr/lib64 --libexecdir=/usr/libexec --localstatedir=/var --sharedstatedir=/var/lib --mandir=/usr/share/man --infodir=/usr/share/info --disable-silent-rules
checking for a BSD-compatible install... /usr/bin/install -c
checking whether build environment is sane... yes
checking for a thread-safe mkdir -p... /usr/bin/mkdir -p
checking for gawk... gawk
checking whether make sets $(MAKE)... yes
checking whether make supports nested variables... yes
checking for style of include used by make... GNU
checking for x86_64-redhat-linux-gnu-gcc... gcc
checking whether the C compiler works... yes
checking for C compiler default output file name... a.out
checking for suffix of executables... 
checking whether we are cross compiling... no
checking for suffix of object files... o
checking whether we are using the GNU C compiler... yes
checking whether gcc accepts -g... yes
checking for gcc option to accept ISO C89... none needed
checking whether gcc understands -c and -o together... yes
checking dependency style of gcc... none
checking for gcc option to accept ISO C99... none needed
checking how to run the C preprocessor... gcc -E
checking for grep that handles long lines and -e... /usr/bin/grep
checking for egrep... /usr/bin/grep -E
checking for ANSI C header files... yes
checking for sys/types.h... yes
checking for sys/stat.h... yes
checking for stdlib.h... yes
checking for string.h... yes
checking for memory.h... yes
checking for strings.h... yes
checking for inttypes.h... yes
checking for stdint.h... yes
checking for unistd.h... yes
checking whether __clang__ is declared... no
checking whether __INTEL_COMPILER is declared... no
checking whether __SUNPRO_C is declared... no
checking for x86_64-redhat-linux-gnu-pkg-config... /usr/bin/x86_64-redhat-linux-gnu-pkg-config
checking pkg-config is at least version 0.9.0... yes
checking build system type... x86_64-redhat-linux-gnu
checking host system type... x86_64-redhat-linux-gnu
checking for a sed that does not truncate output... /usr/bin/sed
checking if gcc supports -Werror=unknown-warning-option... no
checking if gcc supports -Werror=unused-command-line-argument... no
checking if gcc supports -Wall... yes
checking if gcc supports -Wpointer-arith... yes
checking if gcc supports -Wmissing-declarations... yes
checking if gcc supports -Wformat=2... yes
checking if gcc supports -Wstrict-prototypes... yes
checking if gcc supports -Wmissing-prototypes... yes
checking if gcc supports -Wnested-externs... yes
checking if gcc supports -Wbad-function-cast... yes
checking if gcc supports -Wold-style-definition... yes
checking if gcc supports -Wdeclaration-after-statement... yes
checking if gcc supports -Wunused... yes
checking if gcc supports -Wuninitialized... yes
checking if gcc supports -Wshadow... yes
checking if gcc supports -Wmissing-noreturn... yes
checking if gcc supports -Wmissing-format-attribute... yes
checking if gcc supports -Wredundant-decls... yes
checking if gcc supports -Wlogical-op... yes
checking if gcc supports -Werror=implicit... yes
checking if gcc supports -Werror=nonnull... yes
checking if gcc supports -Werror=init-self... yes
checking if gcc supports -Werror=main... yes
checking if gcc supports -Werror=missing-braces... yes
checking if gcc supports -Werror=sequence-point... yes
checking if gcc supports -Werror=return-type... yes
checking if gcc supports -Werror=trigraphs... yes
checking if gcc supports -Werror=array-bounds... yes
checking if gcc supports -Werror=write-strings... yes
checking if gcc supports -Werror=address... yes
checking if gcc supports -Werror=int-to-pointer-cast... yes
checking if gcc supports -Werror=pointer-to-int-cast... yes
checking if gcc supports -pedantic... yes
checking if gcc supports -Werror... yes
checking if gcc supports -Werror=attributes... yes
checking whether make supports nested variables... (cached) yes
checking that generated files are newer than configure... done
configure: creating ./config.status
config.status: creating Makefile
config.status: creating man/Makefile
config.status: creating config.h
config.status: config.h is unchanged
config.status: executing depfiles commands
+ /usr/bin/make -O -j8 V=1 VERBOSE=1
/usr/bin/make  all-recursive
Making all in man
make[2]: Entering directory '/home/rolson/rpmbuild/BUILD/bdftopcf-1.1/man'
/usr/bin/sed -e 's|__vendorversion__|"bdftopcf 1.1" "X Version 11"|' 	-e 's|__xorgversion__|"bdftopcf 1.1" "X Version 11"|' 	-e 's|__xservername__|Xorg|g' 	-e 's|__xconfigfile__|xorg.conf|g' 	-e 's|__projectroot__|/usr|g' 	-e 's|__apploaddir__||g' 	-e 's|__appmansuffix__|1|g' 	-e 's|__drivermansuffix__|4|g' 	-e 's|__adminmansuffix__|8|g' 	-e 's|__libmansuffix__|3|g' 	-e 's|__miscmansuffix__|7|g' 	-e 's|__filemansuffix__|5|g' < bdftopcf.man > bdftopcf.1
make[2]: Leaving directory '/home/rolson/rpmbuild/BUILD/bdftopcf-1.1/man'
make[2]: Entering directory '/home/rolson/rpmbuild/BUILD/bdftopcf-1.1'
gcc -DHAVE_CONFIG_H -I.    -Wall -Wpointer-arith -Wmissing-declarations -Wformat=2 -Wstrict-prototypes -Wmissing-prototypes -Wnested-externs -Wbad-function-cast -Wold-style-definition -Wdeclaration-after-statement -Wunused -Wuninitialized -Wshadow -Wmissing-noreturn -Wmissing-format-attribute -Wredundant-decls -Wlogical-op -Werror=implicit -Werror=nonnull -Werror=init-self -Werror=main -Werror=missing-braces -Werror=sequence-point -Werror=return-type -Werror=trigraphs -Werror=array-bounds -Werror=write-strings -Werror=address -Werror=int-to-pointer-cast -Werror=pointer-to-int-cast -fno-strict-aliasing -O2 -flto=auto -ffat-lto-objects -fexceptions -g -grecord-gcc-switches -pipe -Wall -Werror=format-security -Wp,-D_FORTIFY_SOURCE=2 -Wp,-D_GLIBCXX_ASSERTIONS -specs=/usr/lib/rpm/redhat/redhat-hardened-cc1 -fstack-protector-strong -specs=/usr/lib/rpm/redhat/redhat-annobin-cc1  -m64  -mtune=generic -fasynchronous-unwind-tables -fstack-clash-protection -fcf-protection -c -o fileio.o fileio.c
make[2]: Leaving directory '/home/rolson/rpmbuild/BUILD/bdftopcf-1.1'
make[2]: Entering directory '/home/rolson/rpmbuild/BUILD/bdftopcf-1.1'
gcc -DHAVE_CONFIG_H -I.    -Wall -Wpointer-arith -Wmissing-declarations -Wformat=2 -Wstrict-prototypes -Wmissing-prototypes -Wnested-externs -Wbad-function-cast -Wold-style-definition -Wdeclaration-after-statement -Wunused -Wuninitialized -Wshadow -Wmissing-noreturn -Wmissing-format-attribute -Wredundant-decls -Wlogical-op -Werror=implicit -Werror=nonnull -Werror=init-self -Werror=main -Werror=missing-braces -Werror=sequence-point -Werror=return-type -Werror=trigraphs -Werror=array-bounds -Werror=write-strings -Werror=address -Werror=int-to-pointer-cast -Werror=pointer-to-int-cast -fno-strict-aliasing -O2 -flto=auto -ffat-lto-objects -fexceptions -g -grecord-gcc-switches -pipe -Wall -Werror=format-security -Wp,-D_FORTIFY_SOURCE=2 -Wp,-D_GLIBCXX_ASSERTIONS -specs=/usr/lib/rpm/redhat/redhat-hardened-cc1 -fstack-protector-strong -specs=/usr/lib/rpm/redhat/redhat-annobin-cc1  -m64  -mtune=generic -fasynchronous-unwind-tables -fstack-clash-protection -fcf-protection -c -o filewr.o filewr.c
make[2]: Leaving directory '/home/rolson/rpmbuild/BUILD/bdftopcf-1.1'
make[2]: Entering directory '/home/rolson/rpmbuild/BUILD/bdftopcf-1.1'
gcc -DHAVE_CONFIG_H -I.    -Wall -Wpointer-arith -Wmissing-declarations -Wformat=2 -Wstrict-prototypes -Wmissing-prototypes -Wnested-externs -Wbad-function-cast -Wold-style-definition -Wdeclaration-after-statement -Wunused -Wuninitialized -Wshadow -Wmissing-noreturn -Wmissing-format-attribute -Wredundant-decls -Wlogical-op -Werror=implicit -Werror=nonnull -Werror=init-self -Werror=main -Werror=missing-braces -Werror=sequence-point -Werror=return-type -Werror=trigraphs -Werror=array-bounds -Werror=write-strings -Werror=address -Werror=int-to-pointer-cast -Werror=pointer-to-int-cast -fno-strict-aliasing -O2 -flto=auto -ffat-lto-objects -fexceptions -g -grecord-gcc-switches -pipe -Wall -Werror=format-security -Wp,-D_FORTIFY_SOURCE=2 -Wp,-D_GLIBCXX_ASSERTIONS -specs=/usr/lib/rpm/redhat/redhat-hardened-cc1 -fstack-protector-strong -specs=/usr/lib/rpm/redhat/redhat-annobin-cc1  -m64  -mtune=generic -fasynchronous-unwind-tables -fstack-clash-protection -fcf-protection -c -o defaults.o defaults.c
make[2]: Leaving directory '/home/rolson/rpmbuild/BUILD/bdftopcf-1.1'
make[2]: Entering directory '/home/rolson/rpmbuild/BUILD/bdftopcf-1.1'
gcc -DHAVE_CONFIG_H -I.    -Wall -Wpointer-arith -Wmissing-declarations -Wformat=2 -Wstrict-prototypes -Wmissing-prototypes -Wnested-externs -Wbad-function-cast -Wold-style-definition -Wdeclaration-after-statement -Wunused -Wuninitialized -Wshadow -Wmissing-noreturn -Wmissing-format-attribute -Wredundant-decls -Wlogical-op -Werror=implicit -Werror=nonnull -Werror=init-self -Werror=main -Werror=missing-braces -Werror=sequence-point -Werror=return-type -Werror=trigraphs -Werror=array-bounds -Werror=write-strings -Werror=address -Werror=int-to-pointer-cast -Werror=pointer-to-int-cast -fno-strict-aliasing -O2 -flto=auto -ffat-lto-objects -fexceptions -g -grecord-gcc-switches -pipe -Wall -Werror=format-security -Wp,-D_FORTIFY_SOURCE=2 -Wp,-D_GLIBCXX_ASSERTIONS -specs=/usr/lib/rpm/redhat/redhat-hardened-cc1 -fstack-protector-strong -specs=/usr/lib/rpm/redhat/redhat-annobin-cc1  -m64  -mtune=generic -fasynchronous-unwind-tables -fstack-clash-protection -fcf-protection -c -o fontaccel.o fontaccel.c
make[2]: Leaving directory '/home/rolson/rpmbuild/BUILD/bdftopcf-1.1'
make[2]: Entering directory '/home/rolson/rpmbuild/BUILD/bdftopcf-1.1'
gcc -DHAVE_CONFIG_H -I.    -Wall -Wpointer-arith -Wmissing-declarations -Wformat=2 -Wstrict-prototypes -Wmissing-prototypes -Wnested-externs -Wbad-function-cast -Wold-style-definition -Wdeclaration-after-statement -Wunused -Wuninitialized -Wshadow -Wmissing-noreturn -Wmissing-format-attribute -Wredundant-decls -Wlogical-op -Werror=implicit -Werror=nonnull -Werror=init-self -Werror=main -Werror=missing-braces -Werror=sequence-point -Werror=return-type -Werror=trigraphs -Werror=array-bounds -Werror=write-strings -Werror=address -Werror=int-to-pointer-cast -Werror=pointer-to-int-cast -fno-strict-aliasing -O2 -flto=auto -ffat-lto-objects -fexceptions -g -grecord-gcc-switches -pipe -Wall -Werror=format-security -Wp,-D_FORTIFY_SOURCE=2 -Wp,-D_GLIBCXX_ASSERTIONS -specs=/usr/lib/rpm/redhat/redhat-hardened-cc1 -fstack-protector-strong -specs=/usr/lib/rpm/redhat/redhat-annobin-cc1  -m64  -mtune=generic -fasynchronous-unwind-tables -fstack-clash-protection -fcf-protection -c -o bufio.o bufio.c
make[2]: Leaving directory '/home/rolson/rpmbuild/BUILD/bdftopcf-1.1'
make[2]: Entering directory '/home/rolson/rpmbuild/BUILD/bdftopcf-1.1'
gcc -DHAVE_CONFIG_H -I.    -Wall -Wpointer-arith -Wmissing-declarations -Wformat=2 -Wstrict-prototypes -Wmissing-prototypes -Wnested-externs -Wbad-function-cast -Wold-style-definition -Wdeclaration-after-statement -Wunused -Wuninitialized -Wshadow -Wmissing-noreturn -Wmissing-format-attribute -Wredundant-decls -Wlogical-op -Werror=implicit -Werror=nonnull -Werror=init-self -Werror=main -Werror=missing-braces -Werror=sequence-point -Werror=return-type -Werror=trigraphs -Werror=array-bounds -Werror=write-strings -Werror=address -Werror=int-to-pointer-cast -Werror=pointer-to-int-cast -fno-strict-aliasing -O2 -flto=auto -ffat-lto-objects -fexceptions -g -grecord-gcc-switches -pipe -Wall -Werror=format-security -Wp,-D_FORTIFY_SOURCE=2 -Wp,-D_GLIBCXX_ASSERTIONS -specs=/usr/lib/rpm/redhat/redhat-hardened-cc1 -fstack-protector-strong -specs=/usr/lib/rpm/redhat/redhat-annobin-cc1  -m64  -mtune=generic -fasynchronous-unwind-tables -fstack-clash-protection -fcf-protection -c -o atom.o atom.c
make[2]: Leaving directory '/home/rolson/rpmbuild/BUILD/bdftopcf-1.1'
make[2]: Entering directory '/home/rolson/rpmbuild/BUILD/bdftopcf-1.1'
gcc -DHAVE_CONFIG_H -I.    -Wall -Wpointer-arith -Wmissing-declarations -Wformat=2 -Wstrict-prototypes -Wmissing-prototypes -Wnested-externs -Wbad-function-cast -Wold-style-definition -Wdeclaration-after-statement -Wunused -Wuninitialized -Wshadow -Wmissing-noreturn -Wmissing-format-attribute -Wredundant-decls -Wlogical-op -Werror=implicit -Werror=nonnull -Werror=init-self -Werror=main -Werror=missing-braces -Werror=sequence-point -Werror=return-type -Werror=trigraphs -Werror=array-bounds -Werror=write-strings -Werror=address -Werror=int-to-pointer-cast -Werror=pointer-to-int-cast -fno-strict-aliasing -O2 -flto=auto -ffat-lto-objects -fexceptions -g -grecord-gcc-switches -pipe -Wall -Werror=format-security -Wp,-D_FORTIFY_SOURCE=2 -Wp,-D_GLIBCXX_ASSERTIONS -specs=/usr/lib/rpm/redhat/redhat-hardened-cc1 -fstack-protector-strong -specs=/usr/lib/rpm/redhat/redhat-annobin-cc1  -m64  -mtune=generic -fasynchronous-unwind-tables -fstack-clash-protection -fcf-protection -c -o bitmap.o bitmap.c
make[2]: Leaving directory '/home/rolson/rpmbuild/BUILD/bdftopcf-1.1'
make[2]: Entering directory '/home/rolson/rpmbuild/BUILD/bdftopcf-1.1'
gcc -DHAVE_CONFIG_H -I.    -Wall -Wpointer-arith -Wmissing-declarations -Wformat=2 -Wstrict-prototypes -Wmissing-prototypes -Wnested-externs -Wbad-function-cast -Wold-style-definition -Wdeclaration-after-statement -Wunused -Wuninitialized -Wshadow -Wmissing-noreturn -Wmissing-format-attribute -Wredundant-decls -Wlogical-op -Werror=implicit -Werror=nonnull -Werror=init-self -Werror=main -Werror=missing-braces -Werror=sequence-point -Werror=return-type -Werror=trigraphs -Werror=array-bounds -Werror=write-strings -Werror=address -Werror=int-to-pointer-cast -Werror=pointer-to-int-cast -fno-strict-aliasing -O2 -flto=auto -ffat-lto-objects -fexceptions -g -grecord-gcc-switches -pipe -Wall -Werror=format-security -Wp,-D_FORTIFY_SOURCE=2 -Wp,-D_GLIBCXX_ASSERTIONS -specs=/usr/lib/rpm/redhat/redhat-hardened-cc1 -fstack-protector-strong -specs=/usr/lib/rpm/redhat/redhat-annobin-cc1  -m64  -mtune=generic -fasynchronous-unwind-tables -fstack-clash-protection -fcf-protection -c -o bdfutils.o bdfutils.c
make[2]: Leaving directory '/home/rolson/rpmbuild/BUILD/bdftopcf-1.1'
make[2]: Entering directory '/home/rolson/rpmbuild/BUILD/bdftopcf-1.1'
gcc -DHAVE_CONFIG_H -I.    -Wall -Wpointer-arith -Wmissing-declarations -Wformat=2 -Wstrict-prototypes -Wmissing-prototypes -Wnested-externs -Wbad-function-cast -Wold-style-definition -Wdeclaration-after-statement -Wunused -Wuninitialized -Wshadow -Wmissing-noreturn -Wmissing-format-attribute -Wredundant-decls -Wlogical-op -Werror=implicit -Werror=nonnull -Werror=init-self -Werror=main -Werror=missing-braces -Werror=sequence-point -Werror=return-type -Werror=trigraphs -Werror=array-bounds -Werror=write-strings -Werror=address -Werror=int-to-pointer-cast -Werror=pointer-to-int-cast -fno-strict-aliasing -O2 -flto=auto -ffat-lto-objects -fexceptions -g -grecord-gcc-switches -pipe -Wall -Werror=format-security -Wp,-D_FORTIFY_SOURCE=2 -Wp,-D_GLIBCXX_ASSERTIONS -specs=/usr/lib/rpm/redhat/redhat-hardened-cc1 -fstack-protector-strong -specs=/usr/lib/rpm/redhat/redhat-annobin-cc1  -m64  -mtune=generic -fasynchronous-unwind-tables -fstack-clash-protection -fcf-protection -c -o private.o private.c
make[2]: Leaving directory '/home/rolson/rpmbuild/BUILD/bdftopcf-1.1'
make[2]: Entering directory '/home/rolson/rpmbuild/BUILD/bdftopcf-1.1'
gcc -DHAVE_CONFIG_H -I.    -Wall -Wpointer-arith -Wmissing-declarations -Wformat=2 -Wstrict-prototypes -Wmissing-prototypes -Wnested-externs -Wbad-function-cast -Wold-style-definition -Wdeclaration-after-statement -Wunused -Wuninitialized -Wshadow -Wmissing-noreturn -Wmissing-format-attribute -Wredundant-decls -Wlogical-op -Werror=implicit -Werror=nonnull -Werror=init-self -Werror=main -Werror=missing-braces -Werror=sequence-point -Werror=return-type -Werror=trigraphs -Werror=array-bounds -Werror=write-strings -Werror=address -Werror=int-to-pointer-cast -Werror=pointer-to-int-cast -fno-strict-aliasing -O2 -flto=auto -ffat-lto-objects -fexceptions -g -grecord-gcc-switches -pipe -Wall -Werror=format-security -Wp,-D_FORTIFY_SOURCE=2 -Wp,-D_GLIBCXX_ASSERTIONS -specs=/usr/lib/rpm/redhat/redhat-hardened-cc1 -fstack-protector-strong -specs=/usr/lib/rpm/redhat/redhat-annobin-cc1  -m64  -mtune=generic -fasynchronous-unwind-tables -fstack-clash-protection -fcf-protection -c -o bitmaputil.o bitmaputil.c
make[2]: Leaving directory '/home/rolson/rpmbuild/BUILD/bdftopcf-1.1'
make[2]: Entering directory '/home/rolson/rpmbuild/BUILD/bdftopcf-1.1'
gcc -DHAVE_CONFIG_H -I.    -Wall -Wpointer-arith -Wmissing-declarations -Wformat=2 -Wstrict-prototypes -Wmissing-prototypes -Wnested-externs -Wbad-function-cast -Wold-style-definition -Wdeclaration-after-statement -Wunused -Wuninitialized -Wshadow -Wmissing-noreturn -Wmissing-format-attribute -Wredundant-decls -Wlogical-op -Werror=implicit -Werror=nonnull -Werror=init-self -Werror=main -Werror=missing-braces -Werror=sequence-point -Werror=return-type -Werror=trigraphs -Werror=array-bounds -Werror=write-strings -Werror=address -Werror=int-to-pointer-cast -Werror=pointer-to-int-cast -fno-strict-aliasing -O2 -flto=auto -ffat-lto-objects -fexceptions -g -grecord-gcc-switches -pipe -Wall -Werror=format-security -Wp,-D_FORTIFY_SOURCE=2 -Wp,-D_GLIBCXX_ASSERTIONS -specs=/usr/lib/rpm/redhat/redhat-hardened-cc1 -fstack-protector-strong -specs=/usr/lib/rpm/redhat/redhat-annobin-cc1  -m64  -mtune=generic -fasynchronous-unwind-tables -fstack-clash-protection -fcf-protection -c -o utilbitmap.o utilbitmap.c
make[2]: Leaving directory '/home/rolson/rpmbuild/BUILD/bdftopcf-1.1'
make[2]: Entering directory '/home/rolson/rpmbuild/BUILD/bdftopcf-1.1'
gcc -DHAVE_CONFIG_H -I.    -Wall -Wpointer-arith -Wmissing-declarations -Wformat=2 -Wstrict-prototypes -Wmissing-prototypes -Wnested-externs -Wbad-function-cast -Wold-style-definition -Wdeclaration-after-statement -Wunused -Wuninitialized -Wshadow -Wmissing-noreturn -Wmissing-format-attribute -Wredundant-decls -Wlogical-op -Werror=implicit -Werror=nonnull -Werror=init-self -Werror=main -Werror=missing-braces -Werror=sequence-point -Werror=return-type -Werror=trigraphs -Werror=array-bounds -Werror=write-strings -Werror=address -Werror=int-to-pointer-cast -Werror=pointer-to-int-cast -fno-strict-aliasing -O2 -flto=auto -ffat-lto-objects -fexceptions -g -grecord-gcc-switches -pipe -Wall -Werror=format-security -Wp,-D_FORTIFY_SOURCE=2 -Wp,-D_GLIBCXX_ASSERTIONS -specs=/usr/lib/rpm/redhat/redhat-hardened-cc1 -fstack-protector-strong -specs=/usr/lib/rpm/redhat/redhat-annobin-cc1  -m64  -mtune=generic -fasynchronous-unwind-tables -fstack-clash-protection -fcf-protection -c -o fontink.o fontink.c
make[2]: Leaving directory '/home/rolson/rpmbuild/BUILD/bdftopcf-1.1'
make[2]: Entering directory '/home/rolson/rpmbuild/BUILD/bdftopcf-1.1'
gcc -DHAVE_CONFIG_H -I.    -Wall -Wpointer-arith -Wmissing-declarations -Wformat=2 -Wstrict-prototypes -Wmissing-prototypes -Wnested-externs -Wbad-function-cast -Wold-style-definition -Wdeclaration-after-statement -Wunused -Wuninitialized -Wshadow -Wmissing-noreturn -Wmissing-format-attribute -Wredundant-decls -Wlogical-op -Werror=implicit -Werror=nonnull -Werror=init-self -Werror=main -Werror=missing-braces -Werror=sequence-point -Werror=return-type -Werror=trigraphs -Werror=array-bounds -Werror=write-strings -Werror=address -Werror=int-to-pointer-cast -Werror=pointer-to-int-cast -fno-strict-aliasing -O2 -flto=auto -ffat-lto-objects -fexceptions -g -grecord-gcc-switches -pipe -Wall -Werror=format-security -Wp,-D_FORTIFY_SOURCE=2 -Wp,-D_GLIBCXX_ASSERTIONS -specs=/usr/lib/rpm/redhat/redhat-hardened-cc1 -fstack-protector-strong -specs=/usr/lib/rpm/redhat/redhat-annobin-cc1  -m64  -mtune=generic -fasynchronous-unwind-tables -fstack-clash-protection -fcf-protection -c -o bdftopcf.o bdftopcf.c
make[2]: Leaving directory '/home/rolson/rpmbuild/BUILD/bdftopcf-1.1'
make[2]: Entering directory '/home/rolson/rpmbuild/BUILD/bdftopcf-1.1'
gcc -DHAVE_CONFIG_H -I.    -Wall -Wpointer-arith -Wmissing-declarations -Wformat=2 -Wstrict-prototypes -Wmissing-prototypes -Wnested-externs -Wbad-function-cast -Wold-style-definition -Wdeclaration-after-statement -Wunused -Wuninitialized -Wshadow -Wmissing-noreturn -Wmissing-format-attribute -Wredundant-decls -Wlogical-op -Werror=implicit -Werror=nonnull -Werror=init-self -Werror=main -Werror=missing-braces -Werror=sequence-point -Werror=return-type -Werror=trigraphs -Werror=array-bounds -Werror=write-strings -Werror=address -Werror=int-to-pointer-cast -Werror=pointer-to-int-cast -fno-strict-aliasing -O2 -flto=auto -ffat-lto-objects -fexceptions -g -grecord-gcc-switches -pipe -Wall -Werror=format-security -Wp,-D_FORTIFY_SOURCE=2 -Wp,-D_GLIBCXX_ASSERTIONS -specs=/usr/lib/rpm/redhat/redhat-hardened-cc1 -fstack-protector-strong -specs=/usr/lib/rpm/redhat/redhat-annobin-cc1  -m64  -mtune=generic -fasynchronous-unwind-tables -fstack-clash-protection -fcf-protection -c -o pcfwrite.o pcfwrite.c
make[2]: Leaving directory '/home/rolson/rpmbuild/BUILD/bdftopcf-1.1'
make[2]: Entering directory '/home/rolson/rpmbuild/BUILD/bdftopcf-1.1'
gcc -DHAVE_CONFIG_H -I.    -Wall -Wpointer-arith -Wmissing-declarations -Wformat=2 -Wstrict-prototypes -Wmissing-prototypes -Wnested-externs -Wbad-function-cast -Wold-style-definition -Wdeclaration-after-statement -Wunused -Wuninitialized -Wshadow -Wmissing-noreturn -Wmissing-format-attribute -Wredundant-decls -Wlogical-op -Werror=implicit -Werror=nonnull -Werror=init-self -Werror=main -Werror=missing-braces -Werror=sequence-point -Werror=return-type -Werror=trigraphs -Werror=array-bounds -Werror=write-strings -Werror=address -Werror=int-to-pointer-cast -Werror=pointer-to-int-cast -fno-strict-aliasing -O2 -flto=auto -ffat-lto-objects -fexceptions -g -grecord-gcc-switches -pipe -Wall -Werror=format-security -Wp,-D_FORTIFY_SOURCE=2 -Wp,-D_GLIBCXX_ASSERTIONS -specs=/usr/lib/rpm/redhat/redhat-hardened-cc1 -fstack-protector-strong -specs=/usr/lib/rpm/redhat/redhat-annobin-cc1  -m64  -mtune=generic -fasynchronous-unwind-tables -fstack-clash-protection -fcf-protection -c -o bdfread.o bdfread.c
make[2]: Leaving directory '/home/rolson/rpmbuild/BUILD/bdftopcf-1.1'
make[2]: Entering directory '/home/rolson/rpmbuild/BUILD/bdftopcf-1.1'
gcc -Wall -Wpointer-arith -Wmissing-declarations -Wformat=2 -Wstrict-prototypes -Wmissing-prototypes -Wnested-externs -Wbad-function-cast -Wold-style-definition -Wdeclaration-after-statement -Wunused -Wuninitialized -Wshadow -Wmissing-noreturn -Wmissing-format-attribute -Wredundant-decls -Wlogical-op -Werror=implicit -Werror=nonnull -Werror=init-self -Werror=main -Werror=missing-braces -Werror=sequence-point -Werror=return-type -Werror=trigraphs -Werror=array-bounds -Werror=write-strings -Werror=address -Werror=int-to-pointer-cast -Werror=pointer-to-int-cast -fno-strict-aliasing -O2 -flto=auto -ffat-lto-objects -fexceptions -g -grecord-gcc-switches -pipe -Wall -Werror=format-security -Wp,-D_FORTIFY_SOURCE=2 -Wp,-D_GLIBCXX_ASSERTIONS -specs=/usr/lib/rpm/redhat/redhat-hardened-cc1 -fstack-protector-strong -specs=/usr/lib/rpm/redhat/redhat-annobin-cc1  -m64  -mtune=generic -fasynchronous-unwind-tables -fstack-clash-protection -fcf-protection  -Wl,-z,relro -Wl,--as-needed  -Wl,-z,now -specs=/usr/lib/rpm/redhat/redhat-hardened-ld -specs=/usr/lib/rpm/redhat/redhat-annobin-cc1  -Wl,--build-id=sha1 -specs=/usr/lib/rpm/redhat/redhat-package-notes -o bdftopcf atom.o bdfread.o bdfutils.o bitmap.o bitmaputil.o bufio.o defaults.o fileio.o filewr.o fontaccel.o fontink.o pcfwrite.o private.o utilbitmap.o bdftopcf.o  
make[2]: Leaving directory '/home/rolson/rpmbuild/BUILD/bdftopcf-1.1'
+ RPM_EC=0
++ jobs -p
+ exit 0
Executing(%install): /bin/sh -e /var/tmp/rpm-tmp.9A1WZu
+ umask 022
+ cd /home/rolson/rpmbuild/BUILD
+ '[' /home/rolson/rpmbuild/BUILDROOT/bdftopcf-1.1-6.fc37.x86_64 '!=' / ']'
+ rm -rf /home/rolson/rpmbuild/BUILDROOT/bdftopcf-1.1-6.fc37.x86_64
++ dirname /home/rolson/rpmbuild/BUILDROOT/bdftopcf-1.1-6.fc37.x86_64
+ mkdir -p /home/rolson/rpmbuild/BUILDROOT
+ mkdir /home/rolson/rpmbuild/BUILDROOT/bdftopcf-1.1-6.fc37.x86_64
+ CFLAGS='-O2 -flto=auto -ffat-lto-objects -fexceptions -g -grecord-gcc-switches -pipe -Wall -Werror=format-security -Wp,-D_FORTIFY_SOURCE=2 -Wp,-D_GLIBCXX_ASSERTIONS -specs=/usr/lib/rpm/redhat/redhat-hardened-cc1 -fstack-protector-strong -specs=/usr/lib/rpm/redhat/redhat-annobin-cc1  -m64  -mtune=generic -fasynchronous-unwind-tables -fstack-clash-protection -fcf-protection'
+ export CFLAGS
+ CXXFLAGS='-O2 -flto=auto -ffat-lto-objects -fexceptions -g -grecord-gcc-switches -pipe -Wall -Werror=format-security -Wp,-D_FORTIFY_SOURCE=2 -Wp,-D_GLIBCXX_ASSERTIONS -specs=/usr/lib/rpm/redhat/redhat-hardened-cc1 -fstack-protector-strong -specs=/usr/lib/rpm/redhat/redhat-annobin-cc1  -m64  -mtune=generic -fasynchronous-unwind-tables -fstack-clash-protection -fcf-protection'
+ export CXXFLAGS
+ FFLAGS='-O2 -flto=auto -ffat-lto-objects -fexceptions -g -grecord-gcc-switches -pipe -Wall -Werror=format-security -Wp,-D_FORTIFY_SOURCE=2 -Wp,-D_GLIBCXX_ASSERTIONS -specs=/usr/lib/rpm/redhat/redhat-hardened-cc1 -fstack-protector-strong -specs=/usr/lib/rpm/redhat/redhat-annobin-cc1  -m64  -mtune=generic -fasynchronous-unwind-tables -fstack-clash-protection -fcf-protection -I/usr/lib64/gfortran/modules'
+ export FFLAGS
+ FCFLAGS='-O2 -flto=auto -ffat-lto-objects -fexceptions -g -grecord-gcc-switches -pipe -Wall -Werror=format-security -Wp,-D_FORTIFY_SOURCE=2 -Wp,-D_GLIBCXX_ASSERTIONS -specs=/usr/lib/rpm/redhat/redhat-hardened-cc1 -fstack-protector-strong -specs=/usr/lib/rpm/redhat/redhat-annobin-cc1  -m64  -mtune=generic -fasynchronous-unwind-tables -fstack-clash-protection -fcf-protection -I/usr/lib64/gfortran/modules'
+ export FCFLAGS
+ LDFLAGS='-Wl,-z,relro -Wl,--as-needed  -Wl,-z,now -specs=/usr/lib/rpm/redhat/redhat-hardened-ld -specs=/usr/lib/rpm/redhat/redhat-annobin-cc1  -Wl,--build-id=sha1 -specs=/usr/lib/rpm/redhat/redhat-package-notes'
+ export LDFLAGS
+ LT_SYS_LIBRARY_PATH=/usr/lib64:
+ export LT_SYS_LIBRARY_PATH
+ CC=gcc
+ export CC
+ CXX=g++
+ export CXX
+ cd bdftopcf-1.1
+ /usr/bin/make install DESTDIR=/home/rolson/rpmbuild/BUILDROOT/bdftopcf-1.1-6.fc37.x86_64 'INSTALL=/usr/bin/install -p'
Making install in man
make[1]: Entering directory '/home/rolson/rpmbuild/BUILD/bdftopcf-1.1/man'
make[2]: Entering directory '/home/rolson/rpmbuild/BUILD/bdftopcf-1.1/man'
make[2]: Nothing to be done for 'install-exec-am'.
 /usr/bin/mkdir -p '/home/rolson/rpmbuild/BUILDROOT/bdftopcf-1.1-6.fc37.x86_64/usr/share/man/man1'
 /usr/bin/install -p -m 644 bdftopcf.1 '/home/rolson/rpmbuild/BUILDROOT/bdftopcf-1.1-6.fc37.x86_64/usr/share/man/man1'
make[2]: Leaving directory '/home/rolson/rpmbuild/BUILD/bdftopcf-1.1/man'
make[1]: Leaving directory '/home/rolson/rpmbuild/BUILD/bdftopcf-1.1/man'
make[1]: Entering directory '/home/rolson/rpmbuild/BUILD/bdftopcf-1.1'
make[2]: Entering directory '/home/rolson/rpmbuild/BUILD/bdftopcf-1.1'
 /usr/bin/mkdir -p '/home/rolson/rpmbuild/BUILDROOT/bdftopcf-1.1-6.fc37.x86_64/usr/bin'
  /usr/bin/install -p bdftopcf '/home/rolson/rpmbuild/BUILDROOT/bdftopcf-1.1-6.fc37.x86_64/usr/bin'
make[2]: Nothing to be done for 'install-data-am'.
make[2]: Leaving directory '/home/rolson/rpmbuild/BUILD/bdftopcf-1.1'
make[1]: Leaving directory '/home/rolson/rpmbuild/BUILD/bdftopcf-1.1'
+ /usr/bin/find-debuginfo -j8 --strict-build-id -m -i --build-id-seed 1.1-6.fc37 --unique-debug-suffix -1.1-6.fc37.x86_64 --unique-debug-src-base bdftopcf-1.1-6.fc37.x86_64 --run-dwz --dwz-low-mem-die-limit 10000000 --dwz-max-die-limit 110000000 -S debugsourcefiles.list /home/rolson/rpmbuild/BUILD/bdftopcf-1.1
extracting debug info from /home/rolson/rpmbuild/BUILDROOT/bdftopcf-1.1-6.fc37.x86_64/usr/bin/bdftopcf
original debug info size: 148kB, size after compression: 128kB
/usr/bin/sepdebugcrcfix: Updated 1 CRC32s, 0 CRC32s did match.
254 blocks
+ /usr/lib/rpm/check-buildroot
+ /usr/lib/rpm/redhat/brp-ldconfig
+ /usr/lib/rpm/brp-compress
+ /usr/lib/rpm/redhat/brp-strip-lto /usr/bin/strip
+ /usr/lib/rpm/brp-strip-static-archive /usr/bin/strip
+ /usr/lib/rpm/check-rpaths
+ /usr/lib/rpm/redhat/brp-mangle-shebangs
+ /usr/lib/rpm/brp-remove-la-files
+ /usr/lib/rpm/redhat/brp-python-bytecompile '' 1 0
+ /usr/lib/rpm/redhat/brp-python-hardlink
Processing files: bdftopcf-1.1-6.fc37.x86_64
Executing(%license): /bin/sh -e /var/tmp/rpm-tmp.o4LLWM
+ umask 022
+ cd /home/rolson/rpmbuild/BUILD
+ cd bdftopcf-1.1
+ LICENSEDIR=/home/rolson/rpmbuild/BUILDROOT/bdftopcf-1.1-6.fc37.x86_64/usr/share/licenses/bdftopcf
+ export LC_ALL=C
+ LC_ALL=C
+ export LICENSEDIR
+ /usr/bin/mkdir -p /home/rolson/rpmbuild/BUILDROOT/bdftopcf-1.1-6.fc37.x86_64/usr/share/licenses/bdftopcf
+ cp -pr COPYING /home/rolson/rpmbuild/BUILDROOT/bdftopcf-1.1-6.fc37.x86_64/usr/share/licenses/bdftopcf
+ RPM_EC=0
++ jobs -p
+ exit 0
Provides: bdftopcf = 1.1-6.fc37 bdftopcf(x86-64) = 1.1-6.fc37
Requires(rpmlib): rpmlib(CompressedFileNames) <= 3.0.4-1 rpmlib(FileDigests) <= 4.6.0-1 rpmlib(PayloadFilesHavePrefix) <= 4.0-1
Requires: libc.so.6()(64bit) libc.so.6(GLIBC_2.2.5)(64bit) libc.so.6(GLIBC_2.3)(64bit) libc.so.6(GLIBC_2.3.4)(64bit) libc.so.6(GLIBC_2.34)(64bit) libc.so.6(GLIBC_2.4)(64bit) libc.so.6(GLIBC_2.7)(64bit) rtld(GNU_HASH)
Conflicts: xorg-x11-font-utils < 7.5-51
Processing files: bdftopcf-debugsource-1.1-6.fc37.x86_64
Provides: bdftopcf-debugsource = 1.1-6.fc37 bdftopcf-debugsource(x86-64) = 1.1-6.fc37
Requires(rpmlib): rpmlib(CompressedFileNames) <= 3.0.4-1 rpmlib(FileDigests) <= 4.6.0-1 rpmlib(PayloadFilesHavePrefix) <= 4.0-1
Processing files: bdftopcf-debuginfo-1.1-6.fc37.x86_64
Provides: bdftopcf-debuginfo = 1.1-6.fc37 bdftopcf-debuginfo(x86-64) = 1.1-6.fc37 debuginfo(build-id) = 3f0de49a72f432af8ec7dfafa6be4e011d5cc412
Requires(rpmlib): rpmlib(CompressedFileNames) <= 3.0.4-1 rpmlib(FileDigests) <= 4.6.0-1 rpmlib(PayloadFilesHavePrefix) <= 4.0-1
Recommends: bdftopcf-debugsource(x86-64) = 1.1-6.fc37
Checking for unpackaged file(s): /usr/lib/rpm/check-files /home/rolson/rpmbuild/BUILDROOT/bdftopcf-1.1-6.fc37.x86_64
Wrote: /home/rolson/rpmbuild/SRPMS/bdftopcf-1.1-6.fc37.src.rpm
Wrote: /home/rolson/rpmbuild/RPMS/x86_64/bdftopcf-1.1-6.fc37.x86_64.rpm
Wrote: /home/rolson/rpmbuild/RPMS/x86_64/bdftopcf-debuginfo-1.1-6.fc37.x86_64.rpm
Wrote: /home/rolson/rpmbuild/RPMS/x86_64/bdftopcf-debugsource-1.1-6.fc37.x86_64.rpm
Executing(%clean): /bin/sh -e /var/tmp/rpm-tmp.UXMSIJ
+ umask 022
+ cd /home/rolson/rpmbuild/BUILD
+ cd bdftopcf-1.1
+ /usr/bin/rm -rf /home/rolson/rpmbuild/BUILDROOT/bdftopcf-1.1-6.fc37.x86_64
+ RPM_EC=0
++ jobs -p
+ exit 0
Executing(rmbuild): /bin/sh -e /var/tmp/rpm-tmp.FngeiM
+ umask 022
+ cd /home/rolson/rpmbuild/BUILD
+ rm -rf bdftopcf-1.1 bdftopcf-1.1.gemspec
+ RPM_EC=0
++ jobs -p
+ exit 0
